// Vitest Snapshot v1, https://vitest.dev/guide/snapshot.html

exports[`Change password form > should render the change password form 1`] = `
<form
  class="MuiStack-root css-eir3lh-MuiStack-root"
  role="form"
>
  <div
    class="MuiFormControl-root css-1dixy4o-MuiFormControl-root"
  >
    <label
      class="MuiFormLabel-root MuiFormLabel-colorPrimary Mui-required css-1xtmzjf-MuiFormLabel-root"
    >
      E-mail
      <span
        aria-hidden="true"
        class="MuiFormLabel-asterisk css-ylp2hm-MuiFormLabel-asterisk"
      >
         
        *
      </span>
    </label>
    <div
      class="MuiBox-root css-eal7pa"
    >
      <div
        class="MuiFormControl-root MuiFormControl-fullWidth MuiTextField-root css-1w54es3-MuiFormControl-root-MuiTextField-root"
      >
        <div
          class="MuiInputBase-root MuiOutlinedInput-root MuiInputBase-colorPrimary MuiInputBase-fullWidth MuiInputBase-formControl css-rccg0t-MuiInputBase-root-MuiOutlinedInput-root"
        >
          <input
            aria-invalid="false"
            aria-readonly="true"
            autocomplete="off"
            class="MuiInputBase-input MuiOutlinedInput-input css-1thzzby-MuiInputBase-input-MuiOutlinedInput-input"
            id=":r0:"
            readonly=""
            type="text"
            value="test@mail.com"
          />
          <fieldset
            aria-hidden="true"
            class="MuiOutlinedInput-notchedOutline css-1d3z3hw-MuiOutlinedInput-notchedOutline"
          >
            <legend
              class="css-ihdtdm"
            >
              <span
                class="notranslate"
              >
                ​
              </span>
            </legend>
          </fieldset>
        </div>
      </div>
    </div>
  </div>
  <div
    class="MuiFormControl-root css-1dixy4o-MuiFormControl-root"
  >
    <label
      class="MuiFormLabel-root MuiFormLabel-colorPrimary Mui-required css-1xtmzjf-MuiFormLabel-root"
    >
      <div
        class="MuiStack-root css-en0hi5-MuiStack-root"
      >
        <span>
          Пароль
        </span>
        <svg
          aria-hidden="true"
          class="MuiSvgIcon-root MuiSvgIcon-fontSizeInherit css-1vooibu-MuiSvgIcon-root"
          data-mui-internal-clone-element="true"
          data-testid="HelpOutlineIcon"
          focusable="false"
          viewBox="0 0 24 24"
        >
          <path
            d="M11 18h2v-2h-2zm1-16C6.48 2 2 6.48 2 12s4.48 10 10 10 10-4.48 10-10S17.52 2 12 2m0 18c-4.41 0-8-3.59-8-8s3.59-8 8-8 8 3.59 8 8-3.59 8-8 8m0-14c-2.21 0-4 1.79-4 4h2c0-1.1.9-2 2-2s2 .9 2 2c0 2-3 1.75-3 5h2c0-2.25 3-2.5 3-5 0-2.21-1.79-4-4-4"
          />
        </svg>
      </div>
      <span
        aria-hidden="true"
        class="MuiFormLabel-asterisk css-ylp2hm-MuiFormLabel-asterisk"
      >
         
        *
      </span>
    </label>
    <div
      class="MuiBox-root css-eal7pa"
    >
      <div
        class="MuiBox-root css-0"
        data-mui-internal-clone-element="true"
      >
        <div
          class="MuiFormControl-root MuiFormControl-fullWidth MuiTextField-root css-1w54es3-MuiFormControl-root-MuiTextField-root"
        >
          <div
            class="MuiInputBase-root MuiOutlinedInput-root MuiInputBase-colorPrimary MuiInputBase-fullWidth MuiInputBase-formControl MuiInputBase-adornedEnd css-1m46seq-MuiInputBase-root-MuiOutlinedInput-root"
          >
            <input
              aria-invalid="false"
              aria-readonly="false"
              autocomplete="new-password"
              class="MuiInputBase-input MuiOutlinedInput-input MuiInputBase-inputAdornedEnd css-18al6m3-MuiInputBase-input-MuiOutlinedInput-input"
              id=":r3:"
              type="password"
              value=""
            />
            <div
              class="MuiInputAdornment-root MuiInputAdornment-positionEnd MuiInputAdornment-outlined MuiInputAdornment-sizeMedium css-1laqsz7-MuiInputAdornment-root"
            >
              <button
                class="MuiButtonBase-root MuiIconButton-root MuiIconButton-sizeMedium css-yvetkp-MuiButtonBase-root-MuiIconButton-root"
                tabindex="0"
                type="button"
              >
                <svg
                  aria-hidden="true"
                  class="MuiSvgIcon-root MuiSvgIcon-colorPrimary MuiSvgIcon-fontSizeSmall css-1o004fu-MuiSvgIcon-root"
                  data-testid="VisibilityOutlinedIcon"
                  focusable="false"
                  viewBox="0 0 24 24"
                >
                  <path
                    d="M12 6c3.79 0 7.17 2.13 8.82 5.5C19.17 14.87 15.79 17 12 17s-7.17-2.13-8.82-5.5C4.83 8.13 8.21 6 12 6m0-2C7 4 2.73 7.11 1 11.5 2.73 15.89 7 19 12 19s9.27-3.11 11-7.5C21.27 7.11 17 4 12 4m0 5c1.38 0 2.5 1.12 2.5 2.5S13.38 14 12 14s-2.5-1.12-2.5-2.5S10.62 9 12 9m0-2c-2.48 0-4.5 2.02-4.5 4.5S9.52 16 12 16s4.5-2.02 4.5-4.5S14.48 7 12 7"
                  />
                </svg>
              </button>
            </div>
            <fieldset
              aria-hidden="true"
              class="MuiOutlinedInput-notchedOutline css-1d3z3hw-MuiOutlinedInput-notchedOutline"
            >
              <legend
                class="css-ihdtdm"
              >
                <span
                  class="notranslate"
                >
                  ​
                </span>
              </legend>
            </fieldset>
          </div>
        </div>
      </div>
    </div>
  </div>
  <div
    class="MuiFormControl-root css-1dixy4o-MuiFormControl-root"
  >
    <label
      class="MuiFormLabel-root MuiFormLabel-colorPrimary Mui-required css-1xtmzjf-MuiFormLabel-root"
    >
      Повтор пароля
      <span
        aria-hidden="true"
        class="MuiFormLabel-asterisk css-ylp2hm-MuiFormLabel-asterisk"
      >
         
        *
      </span>
    </label>
    <div
      class="MuiBox-root css-eal7pa"
    >
      <div
        class="MuiBox-root css-0"
        data-mui-internal-clone-element="true"
      >
        <div
          class="MuiFormControl-root MuiFormControl-fullWidth MuiTextField-root css-1w54es3-MuiFormControl-root-MuiTextField-root"
        >
          <div
            class="MuiInputBase-root MuiOutlinedInput-root MuiInputBase-colorPrimary MuiInputBase-fullWidth MuiInputBase-formControl MuiInputBase-adornedEnd css-1m46seq-MuiInputBase-root-MuiOutlinedInput-root"
          >
            <input
              aria-invalid="false"
              aria-readonly="false"
              autocomplete="new-password"
              class="MuiInputBase-input MuiOutlinedInput-input MuiInputBase-inputAdornedEnd css-18al6m3-MuiInputBase-input-MuiOutlinedInput-input"
              id=":r5:"
              type="password"
              value=""
            />
            <div
              class="MuiInputAdornment-root MuiInputAdornment-positionEnd MuiInputAdornment-outlined MuiInputAdornment-sizeMedium css-1laqsz7-MuiInputAdornment-root"
            >
              <button
                class="MuiButtonBase-root MuiIconButton-root MuiIconButton-sizeMedium css-yvetkp-MuiButtonBase-root-MuiIconButton-root"
                tabindex="0"
                type="button"
              >
                <svg
                  aria-hidden="true"
                  class="MuiSvgIcon-root MuiSvgIcon-colorPrimary MuiSvgIcon-fontSizeSmall css-1o004fu-MuiSvgIcon-root"
                  data-testid="VisibilityOutlinedIcon"
                  focusable="false"
                  viewBox="0 0 24 24"
                >
                  <path
                    d="M12 6c3.79 0 7.17 2.13 8.82 5.5C19.17 14.87 15.79 17 12 17s-7.17-2.13-8.82-5.5C4.83 8.13 8.21 6 12 6m0-2C7 4 2.73 7.11 1 11.5 2.73 15.89 7 19 12 19s9.27-3.11 11-7.5C21.27 7.11 17 4 12 4m0 5c1.38 0 2.5 1.12 2.5 2.5S13.38 14 12 14s-2.5-1.12-2.5-2.5S10.62 9 12 9m0-2c-2.48 0-4.5 2.02-4.5 4.5S9.52 16 12 16s4.5-2.02 4.5-4.5S14.48 7 12 7"
                  />
                </svg>
              </button>
            </div>
            <fieldset
              aria-hidden="true"
              class="MuiOutlinedInput-notchedOutline css-1d3z3hw-MuiOutlinedInput-notchedOutline"
            >
              <legend
                class="css-ihdtdm"
              >
                <span
                  class="notranslate"
                >
                  ​
                </span>
              </legend>
            </fieldset>
          </div>
        </div>
      </div>
    </div>
  </div>
  <div
    class="MuiStack-root css-1v1qdkn-MuiStack-root"
  >
    <button
      class="MuiButtonBase-root MuiButton-root MuiLoadingButton-root MuiButton-outlined MuiButton-outlinedSecondary MuiButton-sizeMedium MuiButton-outlinedSizeMedium MuiButton-colorSecondary MuiButton-disableElevation MuiButton-root MuiLoadingButton-root MuiButton-outlined MuiButton-outlinedSecondary MuiButton-sizeMedium MuiButton-outlinedSizeMedium MuiButton-colorSecondary MuiButton-disableElevation  css-wg7wa7-MuiButtonBase-root-MuiButton-root-MuiLoadingButton-root"
      id=":r6:"
      tabindex="0"
      type="button"
    >
      Отменить
    </button>
    <button
      class="MuiButtonBase-root MuiButton-root MuiLoadingButton-root MuiButton-contained MuiButton-containedPrimary MuiButton-sizeMedium MuiButton-containedSizeMedium MuiButton-colorPrimary MuiButton-disableElevation MuiButton-root MuiLoadingButton-root MuiButton-contained MuiButton-containedPrimary MuiButton-sizeMedium MuiButton-containedSizeMedium MuiButton-colorPrimary MuiButton-disableElevation  css-83fcih-MuiButtonBase-root-MuiButton-root-MuiLoadingButton-root"
      id=":r7:"
      tabindex="0"
      type="submit"
    >
      Задать пароль
    </button>
  </div>
</form>
`;
