// Vitest Snapshot v1, https://vitest.dev/guide/snapshot.html

exports[`Templates page > renders the templates 1`] = `
<div
  aria-colcount="4"
  aria-multiselectable="true"
  aria-rowcount="1"
  class="MuiDataGrid-main css-1bgckiu-MuiDataGrid-main"
  role="grid"
  tabindex="-1"
>
  <div
    class="css-18l11qw"
    data-id="gridPanelAnchor"
    role="presentation"
  />
  <div
    class="MuiDataGrid-virtualScroller MuiDataGrid-virtualScroller--hasScrollX css-1vigakz-MuiDataGrid-virtualScroller"
    role="presentation"
    style="overflow-x: hidden;"
  >
    <div
      class="MuiDataGrid-topContainer MuiDataGrid-container--top css-9dbfce"
      role="presentation"
    >
      <div
        class="MuiDataGrid-columnHeaders css-1gtv474-MuiDataGrid-columnHeaders"
        role="presentation"
      >
        <div
          aria-rowindex="1"
          class="MuiDataGrid-row--borderBottom css-yseucu-MuiDataGrid-columnHeaderRow"
          role="row"
        >
          <div
            role="presentation"
            style="width: 0px;"
          />
          <div
            aria-colindex="1"
            aria-sort="none"
            class="MuiDataGrid-columnHeader MuiDataGrid-columnHeader--sortable MuiDataGrid-withBorderColor MuiDataGrid-columnHeader--withRightBorder"
            data-field="name"
            role="columnheader"
            style="height: 40px; width: 0px;"
            tabindex="0"
          >
            <div
              class="MuiDataGrid-columnHeaderDraggableContainer"
              draggable="true"
              role="presentation"
            >
              <div
                class="MuiDataGrid-columnHeaderTitleContainer"
                role="presentation"
              >
                <div
                  class="MuiDataGrid-columnHeaderTitleContainerContent"
                >
                  <div
                    class="MuiDataGrid-columnHeaderTitle css-s39ini-MuiDataGrid-columnHeaderTitle"
                    data-mui-internal-clone-element="true"
                  >
                    Название
                  </div>
                </div>
                <div
                  class="MuiDataGrid-iconButtonContainer css-ltf0zy-MuiDataGrid-iconButtonContainer"
                >
                  <button
                    aria-label="Сортировать"
                    class="MuiButtonBase-root MuiIconButton-root MuiIconButton-sizeSmall css-1p0j4z7-MuiButtonBase-root-MuiIconButton-root"
                    field="name"
                    tabindex="-1"
                    title="Сортировать"
                    type="button"
                  >
                    <svg
                      aria-hidden="true"
                      class="MuiSvgIcon-root MuiSvgIcon-fontSizeSmall MuiDataGrid-sortIcon css-120dh41-MuiSvgIcon-root"
                      data-testid="ArrowUpwardIcon"
                      focusable="false"
                      viewBox="0 0 24 24"
                    >
                      <path
                        d="M4 12l1.41 1.41L11 7.83V20h2V7.83l5.58 5.59L20 12l-8-8-8 8z"
                      />
                    </svg>
                  </button>
                </div>
              </div>
              <div
                class="MuiDataGrid-menuIcon"
              >
                <button
                  aria-expanded="false"
                  aria-haspopup="menu"
                  aria-label="Меню"
                  class="MuiButtonBase-root MuiIconButton-root MuiIconButton-sizeSmall MuiDataGrid-menuIconButton css-1p0j4z7-MuiButtonBase-root-MuiIconButton-root"
                  data-mui-internal-clone-element="true"
                  id=":r7:"
                  tabindex="-1"
                  type="button"
                >
                  <svg
                    aria-hidden="true"
                    class="MuiSvgIcon-root MuiSvgIcon-fontSizeInherit css-1ckov0h-MuiSvgIcon-root"
                    data-testid="TripleDotsVerticalIcon"
                    focusable="false"
                    viewBox="0 0 24 24"
                  >
                    <path
                      d="M12 8c1.1 0 2-.9 2-2s-.9-2-2-2-2 .9-2 2 .9 2 2 2zm0 2c-1.1 0-2 .9-2 2s.9 2 2 2 2-.9 2-2-.9-2-2-2zm0 6c-1.1 0-2 .9-2 2s.9 2 2 2 2-.9 2-2-.9-2-2-2z"
                    />
                  </svg>
                </button>
              </div>
            </div>
            <div
              class="MuiDataGrid-columnSeparator MuiDataGrid-columnSeparator--resizable MuiDataGrid-columnSeparator--sideRight"
              style="min-height: 40px;"
            >
              <svg
                aria-hidden="true"
                class="MuiSvgIcon-root MuiSvgIcon-fontSizeMedium MuiDataGrid-iconSeparator css-1umw9bq-MuiSvgIcon-root"
                data-testid="SeparatorIcon"
                focusable="false"
                viewBox="0 0 24 24"
              >
                <rect
                  height="24"
                  rx="0.5"
                  width="1"
                  x="11.5"
                />
              </svg>
            </div>
          </div>
          <div
            aria-colindex="2"
            aria-sort="none"
            class="MuiDataGrid-columnHeader MuiDataGrid-columnHeader--sortable MuiDataGrid-withBorderColor MuiDataGrid-columnHeader--withRightBorder"
            data-field="state"
            role="columnheader"
            style="height: 40px; width: 0px;"
            tabindex="-1"
          >
            <div
              class="MuiDataGrid-columnHeaderDraggableContainer"
              draggable="true"
              role="presentation"
            >
              <div
                class="MuiDataGrid-columnHeaderTitleContainer"
                role="presentation"
              >
                <div
                  class="MuiDataGrid-columnHeaderTitleContainerContent"
                >
                  <div
                    class="MuiDataGrid-columnHeaderTitle css-s39ini-MuiDataGrid-columnHeaderTitle"
                    data-mui-internal-clone-element="true"
                  >
                    Состояние
                  </div>
                </div>
                <div
                  class="MuiDataGrid-iconButtonContainer css-ltf0zy-MuiDataGrid-iconButtonContainer"
                >
                  <button
                    aria-label="Сортировать"
                    class="MuiButtonBase-root MuiIconButton-root MuiIconButton-sizeSmall css-1p0j4z7-MuiButtonBase-root-MuiIconButton-root"
                    field="state"
                    tabindex="-1"
                    title="Сортировать"
                    type="button"
                  >
                    <svg
                      aria-hidden="true"
                      class="MuiSvgIcon-root MuiSvgIcon-fontSizeSmall MuiDataGrid-sortIcon css-120dh41-MuiSvgIcon-root"
                      data-testid="ArrowUpwardIcon"
                      focusable="false"
                      viewBox="0 0 24 24"
                    >
                      <path
                        d="M4 12l1.41 1.41L11 7.83V20h2V7.83l5.58 5.59L20 12l-8-8-8 8z"
                      />
                    </svg>
                  </button>
                </div>
              </div>
              <div
                class="MuiDataGrid-menuIcon"
              >
                <button
                  aria-expanded="false"
                  aria-haspopup="menu"
                  aria-label="Меню"
                  class="MuiButtonBase-root MuiIconButton-root MuiIconButton-sizeSmall MuiDataGrid-menuIconButton css-1p0j4z7-MuiButtonBase-root-MuiIconButton-root"
                  data-mui-internal-clone-element="true"
                  id=":rd:"
                  tabindex="-1"
                  type="button"
                >
                  <svg
                    aria-hidden="true"
                    class="MuiSvgIcon-root MuiSvgIcon-fontSizeInherit css-1ckov0h-MuiSvgIcon-root"
                    data-testid="TripleDotsVerticalIcon"
                    focusable="false"
                    viewBox="0 0 24 24"
                  >
                    <path
                      d="M12 8c1.1 0 2-.9 2-2s-.9-2-2-2-2 .9-2 2 .9 2 2 2zm0 2c-1.1 0-2 .9-2 2s.9 2 2 2 2-.9 2-2-.9-2-2-2zm0 6c-1.1 0-2 .9-2 2s.9 2 2 2 2-.9 2-2-.9-2-2-2z"
                    />
                  </svg>
                </button>
              </div>
            </div>
            <div
              class="MuiDataGrid-columnSeparator MuiDataGrid-columnSeparator--resizable MuiDataGrid-columnSeparator--sideRight"
              style="min-height: 40px;"
            >
              <svg
                aria-hidden="true"
                class="MuiSvgIcon-root MuiSvgIcon-fontSizeMedium MuiDataGrid-iconSeparator css-1umw9bq-MuiSvgIcon-root"
                data-testid="SeparatorIcon"
                focusable="false"
                viewBox="0 0 24 24"
              >
                <rect
                  height="24"
                  rx="0.5"
                  width="1"
                  x="11.5"
                />
              </svg>
            </div>
          </div>
          <div
            aria-colindex="3"
            aria-sort="none"
            class="MuiDataGrid-columnHeader MuiDataGrid-columnHeader--sortable MuiDataGrid-withBorderColor MuiDataGrid-columnHeader--withRightBorder"
            data-field="content"
            role="columnheader"
            style="height: 40px; width: 0px;"
            tabindex="-1"
          >
            <div
              class="MuiDataGrid-columnHeaderDraggableContainer"
              draggable="true"
              role="presentation"
            >
              <div
                class="MuiDataGrid-columnHeaderTitleContainer"
                role="presentation"
              >
                <div
                  class="MuiDataGrid-columnHeaderTitleContainerContent"
                >
                  <div
                    class="MuiDataGrid-columnHeaderTitle css-s39ini-MuiDataGrid-columnHeaderTitle"
                    data-mui-internal-clone-element="true"
                  >
                    Содержание
                  </div>
                </div>
                <div
                  class="MuiDataGrid-iconButtonContainer css-ltf0zy-MuiDataGrid-iconButtonContainer"
                >
                  <button
                    aria-label="Сортировать"
                    class="MuiButtonBase-root MuiIconButton-root MuiIconButton-sizeSmall css-1p0j4z7-MuiButtonBase-root-MuiIconButton-root"
                    field="content"
                    tabindex="-1"
                    title="Сортировать"
                    type="button"
                  >
                    <svg
                      aria-hidden="true"
                      class="MuiSvgIcon-root MuiSvgIcon-fontSizeSmall MuiDataGrid-sortIcon css-120dh41-MuiSvgIcon-root"
                      data-testid="ArrowUpwardIcon"
                      focusable="false"
                      viewBox="0 0 24 24"
                    >
                      <path
                        d="M4 12l1.41 1.41L11 7.83V20h2V7.83l5.58 5.59L20 12l-8-8-8 8z"
                      />
                    </svg>
                  </button>
                </div>
              </div>
              <div
                class="MuiDataGrid-menuIcon"
              >
                <button
                  aria-expanded="false"
                  aria-haspopup="menu"
                  aria-label="Меню"
                  class="MuiButtonBase-root MuiIconButton-root MuiIconButton-sizeSmall MuiDataGrid-menuIconButton css-1p0j4z7-MuiButtonBase-root-MuiIconButton-root"
                  data-mui-internal-clone-element="true"
                  id=":rj:"
                  tabindex="-1"
                  type="button"
                >
                  <svg
                    aria-hidden="true"
                    class="MuiSvgIcon-root MuiSvgIcon-fontSizeInherit css-1ckov0h-MuiSvgIcon-root"
                    data-testid="TripleDotsVerticalIcon"
                    focusable="false"
                    viewBox="0 0 24 24"
                  >
                    <path
                      d="M12 8c1.1 0 2-.9 2-2s-.9-2-2-2-2 .9-2 2 .9 2 2 2zm0 2c-1.1 0-2 .9-2 2s.9 2 2 2 2-.9 2-2-.9-2-2-2zm0 6c-1.1 0-2 .9-2 2s.9 2 2 2 2-.9 2-2-.9-2-2-2z"
                    />
                  </svg>
                </button>
              </div>
            </div>
            <div
              class="MuiDataGrid-columnSeparator MuiDataGrid-columnSeparator--resizable MuiDataGrid-columnSeparator--sideRight"
              style="min-height: 40px;"
            >
              <svg
                aria-hidden="true"
                class="MuiSvgIcon-root MuiSvgIcon-fontSizeMedium MuiDataGrid-iconSeparator css-1umw9bq-MuiSvgIcon-root"
                data-testid="SeparatorIcon"
                focusable="false"
                viewBox="0 0 24 24"
              >
                <rect
                  height="24"
                  rx="0.5"
                  width="1"
                  x="11.5"
                />
              </svg>
            </div>
          </div>
          <div
            aria-colindex="4"
            aria-sort="none"
            class="MuiDataGrid-columnHeader MuiDataGrid-columnHeader--alignCenter MuiDataGrid-withBorderColor MuiDataGrid-columnHeader--lastUnpinned MuiDataGrid-columnHeader--last"
            data-field="actions"
            role="columnheader"
            style="height: 40px; width: 50px;"
            tabindex="-1"
          >
            <div
              class="MuiDataGrid-columnHeaderDraggableContainer"
              draggable="false"
              role="presentation"
            >
              <div
                class="MuiDataGrid-columnHeaderTitleContainer"
                role="presentation"
              >
                <div
                  class="MuiDataGrid-columnHeaderTitleContainerContent"
                >
                  <div
                    class="MuiDataGrid-columnHeaderTitle css-s39ini-MuiDataGrid-columnHeaderTitle"
                    data-mui-internal-clone-element="true"
                  />
                </div>
              </div>
            </div>
            <div
              class="MuiDataGrid-columnSeparator MuiDataGrid-columnSeparator--sideRight"
              style="min-height: 40px;"
            >
              <svg
                aria-hidden="true"
                class="MuiSvgIcon-root MuiSvgIcon-fontSizeMedium MuiDataGrid-iconSeparator css-1umw9bq-MuiSvgIcon-root"
                data-testid="SeparatorIcon"
                focusable="false"
                viewBox="0 0 24 24"
              >
                <rect
                  height="24"
                  rx="0.5"
                  width="1"
                  x="11.5"
                />
              </svg>
            </div>
          </div>
          <div
            class="MuiDataGrid-filler"
            role="presentation"
          />
          <div
            class="MuiDataGrid-scrollbarFiller MuiDataGrid-scrollbarFiller--header"
            role="presentation"
          />
        </div>
        <div
          class="css-4f60me"
        />
      </div>
    </div>
    <div
      class="MuiDataGrid-overlayWrapper css-74bi4q-MuiDataGrid-overlayWrapper"
    >
      <div
        class="MuiDataGrid-overlayWrapperInner css-1mbsuzk-MuiDataGrid-overlayWrapperInner"
        style="height: -40px; width: 0px;"
      >
        <div
          class="MuiDataGrid-overlay css-ok32b7-MuiDataGrid-overlay"
        >
          Нет строк
        </div>
      </div>
    </div>
    <div
      class="MuiDataGrid-virtualScrollerContent css-aymtem-MuiDataGrid-virtualScrollerContent"
      role="presentation"
      style="width: auto; flex-basis: 0px; flex-shrink: 0;"
    >
      <div
        class="MuiDataGrid-virtualScrollerRenderZone css-11dqcl8-MuiDataGrid-virtualScrollerRenderZone"
        role="rowgroup"
        style="transform: translate3d(0, 0px, 0);"
      />
    </div>
    <div
      class="MuiDataGrid-bottomContainer MuiDataGrid-container--bottom css-kkb6k7"
      role="presentation"
    />
  </div>
  <div
    aria-hidden="true"
    class="MuiDataGrid-scrollbar MuiDataGrid-scrollbar--horizontal css-ad8qk9"
    tabindex="-1"
  >
    <div
      class="MuiDataGrid-scrollbarContent"
      style=""
    />
  </div>
</div>
`;
